// Vitest Snapshot v1, https://vitest.dev/guide/snapshot.html

exports[`Hill component > matches the snapshot 1`] = `
<DocumentFragment>
  .c0 {
  position: absolute;
  background-color: #1f2731;
  border-top-left-radius: 100px;
  border-top-right-radius: 100px;
  transform: perspective(164px) rotatex(78deg) translate3d(0px, 18px, -42px);
  bottom: 0px;
  left: 20px;
  width: 40px;
  height: 60px;
}

<div
    class="c0"
  />
</DocumentFragment>
`;
