// Vitest Snapshot v1, https://vitest.dev/guide/snapshot.html

exports[`Hills component > matches the snapshot 1`] = `
<DocumentFragment>
  .c0 {
  position: absolute;
  background-color: #1f2731;
  border-top-left-radius: 100px;
  border-top-right-radius: 100px;
  transform: perspective(164px) rotatex(78deg) translate3d(0px, 18px, -42px);
  bottom: 183px;
  left: 120px;
  width: 20px;
  height: 239px;
}

.c1 {
  position: absolute;
  background-color: #1f2731;
  border-top-left-radius: 100px;
  border-top-right-radius: 100px;
  transform: perspective(164px) rotatex(78deg) translate3d(0px, 18px, -42px);
  bottom: 259px;
  left: 229px;
  width: 28px;
  height: 255px;
}

.c2 {
  position: absolute;
  background-color: #1f2731;
  border-top-left-radius: 100px;
  border-top-right-radius: 100px;
  transform: perspective(164px) rotatex(78deg) translate3d(0px, 18px, -42px);
  bottom: 211px;
  left: 334px;
  width: 28px;
  height: 246px;
}

.c3 {
  position: absolute;
  bottom: 0;
  right: 5%;
  height: 250px;
  width: 400px;
  background-color: #1f2731;
  border-top-left-radius: 500px;
  border-top-right-radius: 500px;
}

<div
    class=""
  >
    <div
      class="c0"
    />
    <div
      class="c1"
    />
    <div
      class="c2"
    />
    <div
      class="c3"
    />
  </div>
</DocumentFragment>
`;
