// Vitest Snapshot v1, https://vitest.dev/guide/snapshot.html

exports[`DogImages component > Snapshot > matches the snapshot 1`] = `
<DocumentFragment>
  .c0 {
  padding: 40px;
}

<div
    class="c0"
  />
</DocumentFragment>
`;
