// Vitest Snapshot v1, https://vitest.dev/guide/snapshot.html

exports[`Star component > matches the snapshot 1`] = `
<DocumentFragment>
  .c0 {
  position: relative;
  background: #f1f1f1;
  border-radius: 50%;
  animation: cQDEr 2s ease-in-out infinite;
  top: 0%;
  left: 20%;
  width: 40px;
  height: 60px;
  animation-delay: 1.5s;
}

<div
    class="c0"
  />
</DocumentFragment>
`;
