// Vitest Snapshot v1, https://vitest.dev/guide/snapshot.html

exports[`Dog component > matches the snapshot 1`] = `
<DocumentFragment>
  .c0 {
  position: absolute;
  bottom: 0;
  left: 20%;
  width: 195px;
  height: 253px;
  z-index: 100;
  transform: scale(0.9);
}

.c1 {
  position: absolute;
  right: 0;
  bottom: 0;
  width: 32px;
  height: 126px;
  background-color: #fa9028;
  border-top-left-radius: 50px;
  border-top-right-radius: 50px;
  overflow: hidden;
}

.c2 {
  position: absolute;
  right: -1px;
  bottom: -10px;
  width: 35px;
  height: 22px;
  background-color: #f1f1f1;
  border-radius: 50%;
  transform: skew(20deg) rotate(-22deg);
}

.c3 {
  position: absolute;
  bottom: 0;
  right: 70px;
  width: 100px;
  height: 60%;
  background-color: #ff9a29;
  border-top-left-radius: 180px;
  transform: skew(-10deg);
}

.c4 {
  position: absolute;
  right: 0;
  bottom: 0;
  width: 100px;
  height: 100%;
  background-color: #ff9a29;
  border-top-right-radius: 60px;
  border-top-left-radius: 60px;
  border-bottom-right-radius: 120px;
}

.c5 {
  position: absolute;
  top: -18px;
  width: 25px;
  height: 80px;
  background-color: #ff9a29;
}

.c6 {
  left: 0;
  border-top-right-radius: 40px;
}

.c7 {
  right: 0;
  border-top-left-radius: 40px;
}

.c8 {
  position: absolute;
  animation-duration: 2s;
  animation-timing-function: cubic-bezier(1, 0, 0, 1);
}

.c9 {
  top: 25px;
  right: -2px;
  width: 100%;
  height: 9px;
  transform: rotatex(9deg);
  animation-name: bylGws;
}

.c10 {
  position: absolute;
  width: 12px;
  height: 100%;
  background-color: #111;
  border-top-left-radius: 10px;
  border-top-right-radius: 10px;
}

.c11 {
  left: 30px;
}

.c12 {
  left: 75px;
}

.c13 {
  position: absolute;
  top: 44px;
  width: 100%;
  height: 42px;
}

.c14 {
  right: -10px;
  width: 65px;
  height: 100%;
  background: #fff7ee;
  border-radius: 20px 20px 42px 38px;
  animation-name: jZKbdW;
}

.c15 {
  right: 0;
  top: 0;
  width: 17px;
  height: 14px;
  background: #000;
  border-radius: 0 0 0 38px;
  animation-name: cnrYMx;
}

.c16 {
  position: absolute;
  top: 92px;
  width: 100%;
  height: 10px;
  background-color: #c64f3c;
}

.c17 {
  position: absolute;
  left: 0;
  bottom: 0;
  width: 24.5px;
  height: 114px;
  background-color: #ff9a29;
}

.c18 {
  position: absolute;
}

.c21 {
  top: -38px;
  left: -28px;
  width: 12px;
  height: 70px;
  border-radius: 0 32px 0 0;
  border: 22px solid transparent;
  border-right-color: #ff9a29;
  transform: skew(0deg) rotate(-1deg) rotatey(1deg) skewy(-26deg);
}

.c20 {
  top: -23px;
  left: -27px;
  width: 14px;
  height: 9px;
  border-radius: 1000px;
  border: 12px solid transparent;
  border-right-color: #ff9a29;
  transform: skew(-7deg) rotate(-74deg) rotatey(1deg) skewy(-2deg) scale(2);
  animation: dPwbxO 150ms linear infinite;
}

.c19 {
  top: -34px;
  left: -15px;
  width: 0;
  height: 14px;
  border-radius: 0 32px 0 0;
  border: 15px solid transparent;
  border-right-color: #ff9a29;
}

.c22 {
  top: -43px;
  left: -27px;
  width: 20px;
  height: 24px;
  background-color: #f1f1f2;
  border-top-left-radius: 20px;
  border-bottom-left-radius: 20px;
  transform: skew(-2deg) rotate(-12deg);
  animation: hvbQKD 150ms linear infinite;
}

.c23 {
  position: absolute;
  left: 41px;
  bottom: 9px;
  width: 31px;
  height: 41px;
  background-color: #ff9a29;
  border: 4px solid transparent;
  border-top-color: #e48121;
  border-top-right-radius: 54px;
  transform: skew(10deg) rotate(41deg);
}

.c24 {
  position: absolute;
  left: 4px;
  bottom: -14px;
  width: 46px;
  height: 29px;
  background-color: #f1f1f1;
  border-radius: 50%;
  transform: skew(-15deg) skewx(18deg) rotate(-49deg);
}

.c25 {
  position: absolute;
  right: 39px;
  bottom: 0;
  width: 32px;
  height: 89px;
  background-color: #fa9028;
  border-top-left-radius: 50px;
  border-top-right-radius: 50px;
  overflow: hidden;
}

.c26 {
  position: absolute;
  left: -1px;
  bottom: -10px;
  width: 35px;
  height: 22px;
  background-color: #f1f1f1;
  border-radius: 50%;
  transform: skew(20deg) rotate(-22deg);
}

<div
    class="c0"
  >
    <div
      class="c1"
    >
      <div
        class="c2"
      />
    </div>
    <div
      class="c3"
    />
    <div
      class="c4"
    >
      <div
        class="c5 c6"
      />
      <div
        class="c5 c7"
      />
      <div
        class="c8 c9"
      >
        <div
          class="c10 c11"
        />
        <div
          class="c10 c12"
        />
      </div>
      <div
        class="c13"
      >
        <div
          class="c8 c14"
        >
          <div
            class="c8 c15"
          />
        </div>
      </div>
      <div
        class="c16"
      />
    </div>
    <div
      class="c17"
    >
      <div
        class="c18 c19"
      />
      <div
        class="c18 c20"
      />
      <div
        class="c18 c21"
      />
      <div
        class="c18 c22"
      />
    </div>
    <div
      class="c18 c23"
    >
      <div
        class="c18 c24"
      />
    </div>
    <div
      class="c25"
    >
      <div
        class="c26"
      />
    </div>
  </div>
</DocumentFragment>
`;
