// Vitest Snapshot v1, https://vitest.dev/guide/snapshot.html

exports[`BreedFilter component > snapshot > matches the snapshot 1`] = `
<DocumentFragment>
  <div
    aria-label="breed name autocomplete"
    class="ant-select ant-select-outlined ant-select-auto-complete css-dev-only-do-not-override-1r287do ant-select-single ant-select-show-search"
    style="width: 260px;"
  >
    <div
      class="ant-select-selector"
    >
      <span
        class="ant-select-selection-search"
      >
        <input
          aria-autocomplete="list"
          aria-controls="rc_select_TEST_OR_SSR_list"
          aria-expanded="false"
          aria-haspopup="listbox"
          aria-label="breed name autocomplete"
          aria-owns="rc_select_TEST_OR_SSR_list"
          autocomplete="off"
          class="ant-select-selection-search-input"
          id="rc_select_TEST_OR_SSR"
          role="combobox"
          type="search"
          value=""
        />
      </span>
      <span
        class="ant-select-selection-placeholder"
      >
        Look up a good boy by breed name!
      </span>
    </div>
  </div>
</DocumentFragment>
`;
