// Vitest Snapshot v1, https://vitest.dev/guide/snapshot.html

exports[`MoonGlows component > matches the snapshot 1`] = `
<DocumentFragment>
  .c0 {
  position: absolute;
  background-color: #f1f1f1;
  border-radius: 50%;
  opacity: 0.1;
  transition: opacity 0.3s;
  animation: xvTUm infinite;
  top: 20px;
  left: 30px;
  width: 260px;
  height: 260px;
  animation-duration: 3s;
  animation-delay: 0s;
}

.c1 {
  position: absolute;
  background-color: #f1f1f1;
  border-radius: 50%;
  opacity: 0.1;
  transition: opacity 0.3s;
  animation: xvTUm infinite;
  top: -20px;
  left: -10px;
  width: 340px;
  height: 340px;
  animation-duration: 3s;
  animation-delay: 0.5s;
}

<div
    class=""
  >
    <div
      class="c0"
    />
    <div
      class="c1"
    />
  </div>
</DocumentFragment>
`;
